---
source: src/parser.rs
expression: "parse_statement(\"str: string;\")"
---
Ok(
    VariableDeclaration {
        name: Token {
            kind: Identifier,
            lexeme: "str",
            line: 0,
        },
        variable_type: Atomic {
            kind: String,
            initializer: None,
        },
    },
)
