---
source: src/parser.rs
expression: "parse_statement(\"ch: char;\")"
---
Ok(
    VariableDeclaration {
        name: Token {
            kind: Identifier,
            lexeme: "ch",
            line: 0,
        },
        variable_type: Atomic {
            kind: Char,
            initializer: None,
        },
    },
)
