---
source: src/parser.rs
expression: "parse_expression(\"x++\")"
---
Unary {
    operator: Token {
        kind: PlusPlus,
        lexeme: "++",
        line: 0,
    },
    value: Variable {
        name: Token {
            kind: Identifier,
            lexeme: "x",
            line: 0,
        },
    },
}
