---
source: src/parser.rs
expression: "parse_statement(\"true || false;\")"
---
Ok(
    Expression {
        expression: Logical {
            left: Literal {
                value: Token {
                    kind: True,
                    lexeme: "true",
                    line: 0,
                },
                kind: Boolean,
            },
            operator: Token {
                kind: Or,
                lexeme: "||",
                line: 0,
            },
            right: Literal {
                value: Token {
                    kind: False,
                    lexeme: "false",
                    line: 0,
                },
                kind: Boolean,
            },
        },
    },
)
