---
source: src/parser.rs
expression: "parse_expression(\"1 / 3\")"
---
Ok(
    Binary {
        left: Literal {
            value: Token {
                kind: IntegerLiteral,
                lexeme: "1",
                line: 0,
            },
            kind: Integer,
        },
        operator: Token {
            kind: Slash,
            lexeme: "/",
            line: 0,
        },
        right: Literal {
            value: Token {
                kind: IntegerLiteral,
                lexeme: "3",
                line: 0,
            },
            kind: Integer,
        },
    },
)
