---
source: src/parser.rs
expression: "parse_statement(\"bool: boolean;\")"
---
Ok(
    VariableDeclaration {
        name: Token {
            kind: Identifier,
            lexeme: "bool",
            line: 0,
        },
        variable_type: Atomic {
            kind: Boolean,
            initializer: None,
        },
    },
)
