---
source: src/parser.rs
expression: "parse_statement(\"arr: array [1] integer = {1};\")"
---
Ok(
    VariableDeclaration {
        name: Token {
            kind: Identifier,
            lexeme: "arr",
            line: 0,
        },
        variable_type: Array {
            kind: Integer,
            size: Literal {
                value: Token {
                    kind: IntegerLiteral,
                    lexeme: "1",
                    line: 0,
                },
                kind: Integer,
            },
            initializer: Some(
                [
                    Literal {
                        value: Token {
                            kind: IntegerLiteral,
                            lexeme: "1",
                            line: 0,
                        },
                        kind: Integer,
                    },
                ],
            ),
        },
    },
)
