---
source: src/parser.rs
expression: "parse_expression(\"!true\")"
---
Ok(
    Unary {
        operator: Token {
            kind: Bang,
            lexeme: "!",
            line: 0,
        },
        value: Literal {
            value: Token {
                kind: True,
                lexeme: "true",
                line: 0,
            },
            kind: Boolean,
        },
    },
)
