---
source: src/parser.rs
expression: "parse_statement(\"for (x: integer = 1; x < 2;) {}\")"
---
Ok(
    For {
        initializer: Some(
            VariableDeclaration {
                name: Token {
                    kind: Identifier,
                    lexeme: "x",
                    line: 0,
                },
                variable_type: Atomic {
                    kind: Integer,
                    initializer: Some(
                        Literal {
                            value: Token {
                                kind: IntegerLiteral,
                                lexeme: "1",
                                line: 0,
                            },
                            kind: Integer,
                        },
                    ),
                },
            },
        ),
        condition: Some(
            Binary {
                left: Variable {
                    name: Token {
                        kind: Identifier,
                        lexeme: "x",
                        line: 0,
                    },
                },
                operator: Token {
                    kind: Less,
                    lexeme: "<",
                    line: 0,
                },
                right: Literal {
                    value: Token {
                        kind: IntegerLiteral,
                        lexeme: "2",
                        line: 0,
                    },
                    kind: Integer,
                },
            },
        ),
        increment: None,
        body: Block {
            statements: [],
        },
    },
)
